{
  "Id": "https://www.rosehosting.com/blog/feed/",
  "Website": "https://www.rosehosting.com/blog/",
  "Title": "RoseHosting",
  "LastUpdatedTime": "2025-04-10T12:11:35+00:00",
  "Description": "Premium Linux Tutorials Since 2001",
  "Language": "en-US",
  "Items": [
    {
      "FeedId": "https://www.rosehosting.com/blog/feed/",
      "ItemId": "https://www.rosehosting.com/blog/?p=50362",
      "Title": "How to Install Java 21 on AlmaLinux 10",
      "PublishDate": "2025-05-28T17:30:00+00:00",
      "Summary": "<p>Java 21 is the Java platform&#8217;s Long-Term Support (LTS) release. As a high-level, object-oriented, class-based programming language used for developing ... </p>\n<p class=\"read-more-container\"><a title=\"How to Install Java 21 on AlmaLinux 10\" class=\"read-more button\" href=\"https://www.rosehosting.com/blog/how-to-install-java-21-on-almalinux-10/#more-50362\" aria-label=\"Read more about How to Install Java 21 on AlmaLinux 10\">Read More</a></p>\n<p>The post <a href=\"https://www.rosehosting.com/blog/how-to-install-java-21-on-almalinux-10/\">How to Install Java 21 on AlmaLinux 10</a> appeared first on <a href=\"https://www.rosehosting.com/blog\">RoseHosting</a>.</p>\n",
      "Content": null,
      "Language": "en-US",
      "Link": "https://www.rosehosting.com/blog/how-to-install-java-21-on-almalinux-10/"
    },
    {
      "FeedId": "https://www.rosehosting.com/blog/feed/",
      "ItemId": "https://www.rosehosting.com/blog/?p=50355",
      "Title": "How to Install MariaDB on Debian 13",
      "PublishDate": "2025-05-26T17:30:00+00:00",
      "Summary": "<p>This tutorial will explain how to install MariaDB on Debian 13. MariaDB is an open-source RDBMS (Relational Database Management System) ... </p>\n<p class=\"read-more-container\"><a title=\"How to Install MariaDB on Debian 13\" class=\"read-more button\" href=\"https://www.rosehosting.com/blog/how-to-install-mariadb-on-debian-13/#more-50355\" aria-label=\"Read more about How to Install MariaDB on Debian 13\">Read More</a></p>\n<p>The post <a href=\"https://www.rosehosting.com/blog/how-to-install-mariadb-on-debian-13/\">How to Install MariaDB on Debian 13</a> appeared first on <a href=\"https://www.rosehosting.com/blog\">RoseHosting</a>.</p>\n",
      "Content": null,
      "Language": "en-US",
      "Link": "https://www.rosehosting.com/blog/how-to-install-mariadb-on-debian-13/"
    },
    {
      "FeedId": "https://www.rosehosting.com/blog/feed/",
      "ItemId": "https://www.rosehosting.com/blog/?p=50351",
      "Title": "How to Enable HTTPS Protocol on AlmaLinux 10",
      "PublishDate": "2025-05-21T17:30:00+00:00",
      "Summary": "<p>This blog post teaches you how to enable HTTPS protocol on AlmaLinux 10. HTTPS is hypertext transfer protocol secure and ... </p>\n<p class=\"read-more-container\"><a title=\"How to Enable HTTPS Protocol on AlmaLinux 10\" class=\"read-more button\" href=\"https://www.rosehosting.com/blog/how-to-enable-https-protocol-on-almalinux-10/#more-50351\" aria-label=\"Read more about How to Enable HTTPS Protocol on AlmaLinux 10\">Read More</a></p>\n<p>The post <a href=\"https://www.rosehosting.com/blog/how-to-enable-https-protocol-on-almalinux-10/\">How to Enable HTTPS Protocol on AlmaLinux 10</a> appeared first on <a href=\"https://www.rosehosting.com/blog\">RoseHosting</a>.</p>\n",
      "Content": null,
      "Language": "en-US",
      "Link": "https://www.rosehosting.com/blog/how-to-enable-https-protocol-on-almalinux-10/"
    },
    {
      "FeedId": "https://www.rosehosting.com/blog/feed/",
      "ItemId": "https://www.rosehosting.com/blog/?p=50335",
      "Title": "How to Install PostgreSQL on AlmaLinux 10",
      "PublishDate": "2025-05-19T17:30:00+00:00",
      "Summary": "<p>This blog post teaches you how to install PostgreSQL on AlmaLinux 10. PostgreSQL, or Postgres, is a free and open-source ... </p>\n<p class=\"read-more-container\"><a title=\"How to Install PostgreSQL on AlmaLinux 10\" class=\"read-more button\" href=\"https://www.rosehosting.com/blog/how-to-install-postgresql-on-almalinux-10/#more-50335\" aria-label=\"Read more about How to Install PostgreSQL on AlmaLinux 10\">Read More</a></p>\n<p>The post <a href=\"https://www.rosehosting.com/blog/how-to-install-postgresql-on-almalinux-10/\">How to Install PostgreSQL on AlmaLinux 10</a> appeared first on <a href=\"https://www.rosehosting.com/blog\">RoseHosting</a>.</p>\n",
      "Content": null,
      "Language": "en-US",
      "Link": "https://www.rosehosting.com/blog/how-to-install-postgresql-on-almalinux-10/"
    },
    {
      "FeedId": "https://www.rosehosting.com/blog/feed/",
      "ItemId": "https://www.rosehosting.com/blog/?p=50318",
      "Title": "How to Install MySQL on AlmaLinux 10",
      "PublishDate": "2025-05-14T17:30:00+00:00",
      "Summary": "<p>MySQL is one of the world&#8217;s most popular and widely used relational database management systems (RDBMS). Developed in 1995 by ... </p>\n<p class=\"read-more-container\"><a title=\"How to Install MySQL on AlmaLinux 10\" class=\"read-more button\" href=\"https://www.rosehosting.com/blog/how-to-install-mysql-on-almalinux-10/#more-50318\" aria-label=\"Read more about How to Install MySQL on AlmaLinux 10\">Read More</a></p>\n<p>The post <a href=\"https://www.rosehosting.com/blog/how-to-install-mysql-on-almalinux-10/\">How to Install MySQL on AlmaLinux 10</a> appeared first on <a href=\"https://www.rosehosting.com/blog\">RoseHosting</a>.</p>\n",
      "Content": null,
      "Language": "en-US",
      "Link": "https://www.rosehosting.com/blog/how-to-install-mysql-on-almalinux-10/"
    },
    {
      "FeedId": "https://www.rosehosting.com/blog/feed/",
      "ItemId": "https://www.rosehosting.com/blog/?p=50311",
      "Title": "How to Install Odoo 18 on AlmaLinux 10",
      "PublishDate": "2025-05-12T17:30:00+00:00",
      "Summary": "<p>Odoo, which was previously called OpenERP, is a comprehensive suite of open-source business applications. It is a popular open-source enterprise ... </p>\n<p class=\"read-more-container\"><a title=\"How to Install Odoo 18 on AlmaLinux 10\" class=\"read-more button\" href=\"https://www.rosehosting.com/blog/how-to-install-odoo-18-on-almalinux-10/#more-50311\" aria-label=\"Read more about How to Install Odoo 18 on AlmaLinux 10\">Read More</a></p>\n<p>The post <a href=\"https://www.rosehosting.com/blog/how-to-install-odoo-18-on-almalinux-10/\">How to Install Odoo 18 on AlmaLinux 10</a> appeared first on <a href=\"https://www.rosehosting.com/blog\">RoseHosting</a>.</p>\n",
      "Content": null,
      "Language": "en-US",
      "Link": "https://www.rosehosting.com/blog/how-to-install-odoo-18-on-almalinux-10/"
    },
    {
      "FeedId": "https://www.rosehosting.com/blog/feed/",
      "ItemId": "https://www.rosehosting.com/blog/?p=50302",
      "Title": "How to Install MariaDB on AlmaLinux 10",
      "PublishDate": "2025-05-07T17:30:00+00:00",
      "Summary": "<p>This tutorial will explain how to install MariaDB on AlmaLinux 10. MariaDB is an open-source relational database management system used ... </p>\n<p class=\"read-more-container\"><a title=\"How to Install MariaDB on AlmaLinux 10\" class=\"read-more button\" href=\"https://www.rosehosting.com/blog/how-to-install-mariadb-on-almalinux-10/#more-50302\" aria-label=\"Read more about How to Install MariaDB on AlmaLinux 10\">Read More</a></p>\n<p>The post <a href=\"https://www.rosehosting.com/blog/how-to-install-mariadb-on-almalinux-10/\">How to Install MariaDB on AlmaLinux 10</a> appeared first on <a href=\"https://www.rosehosting.com/blog\">RoseHosting</a>.</p>\n",
      "Content": null,
      "Language": "en-US",
      "Link": "https://www.rosehosting.com/blog/how-to-install-mariadb-on-almalinux-10/"
    },
    {
      "FeedId": "https://www.rosehosting.com/blog/feed/",
      "ItemId": "https://www.rosehosting.com/blog/?p=50258",
      "Title": "How to Install Node.js on AlmaLinux 10",
      "PublishDate": "2025-05-05T17:30:00+00:00",
      "Summary": "<p>This blog post will show you how to install Node.js on AlmaLinux 10 OS version—the latest version of AlmaLinux. NodeJS ... </p>\n<p class=\"read-more-container\"><a title=\"How to Install Node.js on AlmaLinux 10\" class=\"read-more button\" href=\"https://www.rosehosting.com/blog/how-to-install-node-js-on-almalinux-10/#more-50258\" aria-label=\"Read more about How to Install Node.js on AlmaLinux 10\">Read More</a></p>\n<p>The post <a href=\"https://www.rosehosting.com/blog/how-to-install-node-js-on-almalinux-10/\">How to Install Node.js on AlmaLinux 10</a> appeared first on <a href=\"https://www.rosehosting.com/blog\">RoseHosting</a>.</p>\n",
      "Content": null,
      "Language": "en-US",
      "Link": "https://www.rosehosting.com/blog/how-to-install-node-js-on-almalinux-10/"
    }
  ]
}
