{
  "Id": "https://www.heise.de/plus/",
  "Website": "https://www.heise.de/plus/",
  "Title": "Alle Inhalte von heise+ ",
  "LastUpdatedTime": "2025-03-14T18:02:00+01:00",
  "Description": "Immer mehr Wissen. Das digitale Abo für IT und Technik.",
  "Language": "de",
  "Items": [
    {
      "FeedId": "https://www.heise.de/plus/",
      "ItemId": "http://heise.de/-10309773",
      "Title": "heise+ | Was mobile Selbstscan-Systeme im Laden leisten: Edeka, Ikea, Kaufland und Rewe",
      "PublishDate": "2025-03-14T18:02:00+01:00",
      "Summary": "In immer mehr Geschäften können Kunden ihre Waren im Laden selbst scannen und Zeit an der Kasse sparen. Der Preis dafür: Ihre Daten und mitunter Geduld.",
      "Content": "<p><a href=\"https://www.heise.de/hintergrund/Was-mobile-Selbstscan-Systeme-im-Laden-leisten-Edeke-Ikea-Kaufland-und-Rewe-10309773.html?wt_mc=rss.red.plus.plus.rdf.beitrag_plus.beitrag_plus\"><img src=\"https://www.heise.de/scale/geometry/450/q80//imgs/18/4/8/1/5/6/6/9/ct0825DigiSuper_132971-mon-jnac_ONLINE-0b5baf1b65488de6.jpeg\" class=\"webfeedsFeaturedVisual\" alt=\"\" /></a></p><p>In immer mehr Geschäften können Kunden ihre Waren im Laden selbst scannen und Zeit an der Kasse sparen. Der Preis dafür: Ihre Daten und mitunter Geduld.</p>",
      "Language": "de",
      "Link": "https://www.heise.de/hintergrund/Was-mobile-Selbstscan-Systeme-im-Laden-leisten-Edeke-Ikea-Kaufland-und-Rewe-10309773.html?wt_mc=rss.red.plus.plus.rdf.beitrag_plus.beitrag_plus"
    },
    {
      "FeedId": "https://www.heise.de/plus/",
      "ItemId": "http://heise.de/-10315610",
      "Title": "heise+ | heise+ Update vom 14. März 2025: Lesetipps fürs Wochenende",
      "PublishDate": "2025-03-14T14:14:00+01:00",
      "Summary": "Der wöchentliche Newsletter von heise+ dieses Mal mit neuen Macs, Filmpiraterie, KI-Zertifikaten, digitalen Zwillingen und Spielentwicklung",
      "Content": "<p><a href=\"https://www.heise.de/news/heise-Update-vom-14-Maerz-2025-Lesetipps-fuers-Wochenende-10315610.html?wt_mc=rss.red.plus.plus.rdf.beitrag_plus.beitrag_plus\"><img src=\"https://www.heise.de/scale/geometry/450/q80//imgs/18/4/8/1/8/7/6/4/heiseplus_red-update_1700x955px_Volker-c8ca2e211aab5f43.png\" class=\"webfeedsFeaturedVisual\" alt=\"\" /></a></p><p>Der wöchentliche Newsletter von heise+ dieses Mal mit neuen Macs, Filmpiraterie, KI-Zertifikaten, digitalen Zwillingen und Spielentwicklung</p>",
      "Language": "de",
      "Link": "https://www.heise.de/news/heise-Update-vom-14-Maerz-2025-Lesetipps-fuers-Wochenende-10315610.html?wt_mc=rss.red.plus.plus.rdf.beitrag_plus.beitrag_plus"
    },
    {
      "FeedId": "https://www.heise.de/plus/",
      "ItemId": "http://heise.de/-10315056",
      "Title": "heise+ | heise+ Expertentalk: Stromspeicher für zuhause",
      "PublishDate": "2025-03-14T11:30:00+01:00",
      "Summary": "Erfahren Sie, was Sie über Stromspeicher für Ihr Zuhause wissen müssen. Experte Dr. Johannes Weniger beantwortet Ihre Fragen im Livetalk.",
      "Content": "<p><a href=\"https://www.heise.de/ratgeber/heise-Expertentalk-Stromspeicher-fuer-zuhause-10315056.html?wt_mc=rss.red.plus.plus.rdf.beitrag_plus.beitrag_plus\"><img src=\"https://www.heise.de/scale/geometry/450/q80//imgs/18/4/8/1/8/4/8/3/Thumbnail_Expertentalk_V2-9e354f77a7482b68.jpeg\" class=\"webfeedsFeaturedVisual\" alt=\"\" /></a></p><p>Erfahren Sie, was Sie über Stromspeicher für Ihr Zuhause wissen müssen. Experte Dr. Johannes Weniger beantwortet Ihre Fragen im Livetalk.</p>",
      "Language": "de",
      "Link": "https://www.heise.de/ratgeber/heise-Expertentalk-Stromspeicher-fuer-zuhause-10315056.html?wt_mc=rss.red.plus.plus.rdf.beitrag_plus.beitrag_plus"
    },
    {
      "FeedId": "https://www.heise.de/plus/",
      "ItemId": "http://heise.de/-10288083",
      "Title": "heise+ | Windows installieren und reparieren mit nur einem USB-Laufwerk",
      "PublishDate": "2025-03-14T08:00:00+01:00",
      "Summary": "Das c’t-Notfall-Windows taugt nicht nur zum Reparieren von Windows, sondern auch als vielseitige und pflegeleichte Basis für Neuinstallationen. ",
      "Content": "<p><a href=\"https://www.heise.de/ratgeber/Windows-installieren-und-reparieren-mit-nur-einem-USB-Laufwerk-10288083.html?wt_mc=rss.red.plus.plus.rdf.beitrag_plus.beitrag_plus\"><img src=\"https://www.heise.de/scale/geometry/450/q80//imgs/18/4/8/0/4/2/7/7/ct0725windows_m_132766_axv_jnac_print-343a4407aacc82b9.png\" class=\"webfeedsFeaturedVisual\" alt=\"\" /></a></p><p>Das c’t-Notfall-Windows taugt nicht nur zum Reparieren von Windows, sondern auch als vielseitige und pflegeleichte Basis für Neuinstallationen. </p>",
      "Language": "de",
      "Link": "https://www.heise.de/ratgeber/Windows-installieren-und-reparieren-mit-nur-einem-USB-Laufwerk-10288083.html?wt_mc=rss.red.plus.plus.rdf.beitrag_plus.beitrag_plus"
    },
    {
      "FeedId": "https://www.heise.de/plus/",
      "ItemId": "http://heise.de/-10298630",
      "Title": "heise+ | Blueprints in Home Assistant: Mit Vorlagen komplexe Automationen erstellen",
      "PublishDate": "2025-03-13T15:55:00+01:00",
      "Summary": "Mit Blueprints lassen sich Smart-Home-Automationen importieren und einfach einstellen – ohne selbst komplizierte YAML-Konfigurationen schreiben zu müssen.",
      "Content": "<p><a href=\"https://www.heise.de/ratgeber/Blueprints-in-Home-Assistant-Mit-Vorlagen-komplexe-Automationen-erstellen-10298630.html?wt_mc=rss.red.plus.plus.rdf.beitrag_plus.beitrag_plus\"><img src=\"https://www.heise.de/scale/geometry/450/q80//imgs/18/4/8/0/9/8/1/9/teamplus_blueprints_of_a_house_white_lines_blue_background_--ch_7a12a1fa-44a8-48a5-b7a9-e49215769478-e7880b8efd585206.png\" class=\"webfeedsFeaturedVisual\" alt=\"\" /></a></p><p>Mit Blueprints lassen sich Smart-Home-Automationen importieren und einfach einstellen – ohne selbst komplizierte YAML-Konfigurationen schreiben zu müssen.</p>",
      "Language": "de",
      "Link": "https://www.heise.de/ratgeber/Blueprints-in-Home-Assistant-Mit-Vorlagen-komplexe-Automationen-erstellen-10298630.html?wt_mc=rss.red.plus.plus.rdf.beitrag_plus.beitrag_plus"
    },
    {
      "FeedId": "https://www.heise.de/plus/",
      "ItemId": "http://heise.de/-10297588",
      "Title": "heise+ | Wärme wochenlang speichern: Was Wärmespeicher für Industrie & Eigenheim leisten",
      "PublishDate": "2025-03-13T15:16:00+01:00",
      "Summary": "Hitze ohne Verbrennung: Wärmespeicher sind für die Energiewende ebenso entscheidend wie Stromspeicher. Sie können schon jetzt mehr, als man erwartet. ",
      "Content": "<p><a href=\"https://www.heise.de/hintergrund/Krosse-Kartoffelchips-und-warme-Raeume-Was-Thermospeicher-heute-schon-leisten-10297588.html?wt_mc=rss.red.plus.plus.rdf.beitrag_plus.beitrag_plus\"><img src=\"https://www.heise.de/scale/geometry/450/q80//imgs/18/4/8/0/9/2/6/8/AI-Generated_Kraftblock_Container-16718eb5172fe747.png\" class=\"webfeedsFeaturedVisual\" alt=\"\" /></a></p><p>Hitze ohne Verbrennung: Wärmespeicher sind für die Energiewende ebenso entscheidend wie Stromspeicher. Sie können schon jetzt mehr, als man erwartet. </p>",
      "Language": "de",
      "Link": "https://www.heise.de/hintergrund/Krosse-Kartoffelchips-und-warme-Raeume-Was-Thermospeicher-heute-schon-leisten-10297588.html?wt_mc=rss.red.plus.plus.rdf.beitrag_plus.beitrag_plus"
    },
    {
      "FeedId": "https://www.heise.de/plus/",
      "ItemId": "http://heise.de/-10270699",
      "Title": "heise+ | c’t-Story: Seelenfrieden",
      "PublishDate": "2025-03-13T11:27:00+01:00",
      "Summary": "Zeiten ändern sich, doch manches bleibt – \"so wie die Seele\", mag da manch Oberschlauer einwerfen. Aber was genau das eigentlich ist, weiß er vermutlich nicht.",
      "Content": "<p><a href=\"https://www.heise.de/hintergrund/c-t-Story-Seelenfrieden-10270699.html?wt_mc=rss.red.plus.plus.rdf.beitrag_plus.beitrag_plus\"><img src=\"https://www.heise.de/scale/geometry/450/q80//imgs/18/4/7/9/5/2/0/2/ct_Story_06_2025_Onlineaufmacher-6581f0fca6dc9f3c.png\" class=\"webfeedsFeaturedVisual\" alt=\"\" /></a></p><p>Zeiten ändern sich, doch manches bleibt – \"so wie die Seele\", mag da manch Oberschlauer einwerfen. Aber was genau das eigentlich ist, weiß er vermutlich nicht.</p>",
      "Language": "de",
      "Link": "https://www.heise.de/hintergrund/c-t-Story-Seelenfrieden-10270699.html?wt_mc=rss.red.plus.plus.rdf.beitrag_plus.beitrag_plus"
    },
    {
      "FeedId": "https://www.heise.de/plus/",
      "ItemId": "http://heise.de/-10309903",
      "Title": "heise+ | Marktübersicht: Plattformen für Application Security Posture Management",
      "PublishDate": "2025-03-13T11:00:00+01:00",
      "Summary": "ASPM liefert eine einheitliche Sicht auf die Sicherheit von inhouse Anwendungen.  ASPM-Tools vereinheitlichen das Schwachstellenmanagement. Ein Überblick.",
      "Content": "<p><a href=\"https://www.heise.de/hintergrund/Marktuebersicht-Plattformen-fuer-Application-Security-Posture-Management-10309903.html?wt_mc=rss.red.plus.plus.rdf.beitrag_plus.beitrag_plus\"><img src=\"https://www.heise.de/scale/geometry/450/q80//imgs/18/4/8/1/5/7/3/6/marktuebersicht_aspm_2025-aef3bd719286b564.png\" class=\"webfeedsFeaturedVisual\" alt=\"\" /></a></p><p>ASPM liefert eine einheitliche Sicht auf die Sicherheit von inhouse Anwendungen.  ASPM-Tools vereinheitlichen das Schwachstellenmanagement. Ein Überblick.</p>",
      "Language": "de",
      "Link": "https://www.heise.de/hintergrund/Marktuebersicht-Plattformen-fuer-Application-Security-Posture-Management-10309903.html?wt_mc=rss.red.plus.plus.rdf.beitrag_plus.beitrag_plus"
    },
    {
      "FeedId": "https://www.heise.de/plus/",
      "ItemId": "http://heise.de/-10303925",
      "Title": "heise+ | In der Kobalthölle: Die Schattenseite wiederaufladbarer Elektronik",
      "PublishDate": "2025-03-13T10:00:00+01:00",
      "Summary": "US-Wissenschaftler Siddarth Kara hat im Kongo über den Kobaltabbau geforscht. Im Interview berichtet er von schockierender Gewalt.",
      "Content": "<p><a href=\"https://www.heise.de/hintergrund/In-der-Kobalthoelle-Die-Schattenseite-wiederaufladbarer-Elektronik-10303925.html?wt_mc=rss.red.plus.plus.rdf.beitrag_plus.beitrag_plus\"><img src=\"https://www.heise.de/scale/geometry/450/q80//imgs/18/4/8/1/2/5/5/7/ct0825interview_132630_rbr_jnac_online-d6b02ba1ace7c948.jpeg\" class=\"webfeedsFeaturedVisual\" alt=\"\" /></a></p><p>US-Wissenschaftler Siddarth Kara hat im Kongo über den Kobaltabbau geforscht. Im Interview berichtet er von schockierender Gewalt.</p>",
      "Language": "de",
      "Link": "https://www.heise.de/hintergrund/In-der-Kobalthoelle-Die-Schattenseite-wiederaufladbarer-Elektronik-10303925.html?wt_mc=rss.red.plus.plus.rdf.beitrag_plus.beitrag_plus"
    },
    {
      "FeedId": "https://www.heise.de/plus/",
      "ItemId": "http://heise.de/-10302391",
      "Title": "heise+ | Exklusiver Veranstalter: Apples neue Einladungen-App im Test",
      "PublishDate": "2025-03-13T08:00:00+01:00",
      "Summary": "Mit der neuen Invites- alias Einladungen-App will Apple Nutzern helfen, Freunde unkompliziert zu Feiern einzuladen. Und es geht noch mehr, wie unser Test zeigt.",
      "Content": "<p><a href=\"https://www.heise.de/tests/Exklusiver-Veranstalter-Apples-neue-Einladungen-App-im-Test-10302391.html?wt_mc=rss.red.plus.plus.rdf.beitrag_plus.beitrag_plus\"><img src=\"https://www.heise.de/scale/geometry/450/q80//imgs/18/4/8/1/1/7/5/2/appleinvites-df6a8ed96b4d35ec.png\" class=\"webfeedsFeaturedVisual\" alt=\"\" /></a></p><p>Mit der neuen Invites- alias Einladungen-App will Apple Nutzern helfen, Freunde unkompliziert zu Feiern einzuladen. Und es geht noch mehr, wie unser Test zeigt.</p>",
      "Language": "de",
      "Link": "https://www.heise.de/tests/Exklusiver-Veranstalter-Apples-neue-Einladungen-App-im-Test-10302391.html?wt_mc=rss.red.plus.plus.rdf.beitrag_plus.beitrag_plus"
    },
    {
      "FeedId": "https://www.heise.de/plus/",
      "ItemId": "http://heise.de/-10270630",
      "Title": "heise+ | Vorsicht Kunde: Wie TomTom sich vor Gewährleistungen drückt",
      "PublishDate": "2025-03-13T08:00:00+01:00",
      "Summary": "Wenn man im Webshop ein Gerät kauft, muss der Verkäufer im Falle eines Mangels nachbessern oder nachliefern. Die Firma TomTom geht stattdessen auf Tauchstation.",
      "Content": "<p><a href=\"https://www.heise.de/ratgeber/Vorsicht-Kunde-Wie-TomTom-sich-vor-Gewaehrleistungen-drueckt-10270630.html?wt_mc=rss.red.plus.plus.rdf.beitrag_plus.beitrag_plus\"><img src=\"https://www.heise.de/scale/geometry/450/q80//imgs/18/4/7/9/5/1/6/2/aufmacher_digital-959ba5f027096713.jpeg\" class=\"webfeedsFeaturedVisual\" alt=\"\" /></a></p><p>Wenn man im Webshop ein Gerät kauft, muss der Verkäufer im Falle eines Mangels nachbessern oder nachliefern. Die Firma TomTom geht stattdessen auf Tauchstation.</p>",
      "Language": "de",
      "Link": "https://www.heise.de/ratgeber/Vorsicht-Kunde-Wie-TomTom-sich-vor-Gewaehrleistungen-drueckt-10270630.html?wt_mc=rss.red.plus.plus.rdf.beitrag_plus.beitrag_plus"
    },
    {
      "FeedId": "https://www.heise.de/plus/",
      "ItemId": "http://heise.de/-10287576",
      "Title": "heise+ | 100 Jahre Leica I: Ein historischer Blick auf die Barnack-Erfindung",
      "PublishDate": "2025-03-13T07:00:00+01:00",
      "Summary": "Mit der Leica I definierte Oskar Barnack das Kleinbildformat und die Normalbrennweite. Viele Theorien versuchten, seine Entscheidungen nachträglich zu erklären.",
      "Content": "<p><a href=\"https://www.heise.de/hintergrund/100-Jahre-Leica-I-Ein-historischer-Blick-auf-die-Barnack-Erfindung-10287576.html?wt_mc=rss.red.plus.plus.rdf.beitrag_plus.beitrag_plus\"><img src=\"https://www.heise.de/scale/geometry/450/q80//imgs/18/4/8/0/4/0/0/7/001_1914_ur_leica_front_digitaler_aufmacher-158b5987d51a4f2a.jpeg\" class=\"webfeedsFeaturedVisual\" alt=\"\" /></a></p><p>Mit der Leica I definierte Oskar Barnack das Kleinbildformat und die Normalbrennweite. Viele Theorien versuchten, seine Entscheidungen nachträglich zu erklären.</p>",
      "Language": "de",
      "Link": "https://www.heise.de/hintergrund/100-Jahre-Leica-I-Ein-historischer-Blick-auf-die-Barnack-Erfindung-10287576.html?wt_mc=rss.red.plus.plus.rdf.beitrag_plus.beitrag_plus"
    },
    {
      "FeedId": "https://www.heise.de/plus/",
      "ItemId": "http://heise.de/-10306734",
      "Title": "heise+ | Rodin Gen-1.5 im Test: 3D-Modelle aus Textprompts generieren",
      "PublishDate": "2025-03-13T07:00:00+01:00",
      "Summary": "3D-Modellierung ist zeitraubend. Mit dem KI-gestützten Onlinetool Rodin reichen hingegen eine kurze Beschreibung oder ein Bild aus, um ein Modell zu generieren.",
      "Content": "<p><a href=\"https://www.heise.de/tests/Rodin-Gen-1-5-im-Test-3D-Modelle-aus-Textprompts-generieren-10306734.html?wt_mc=rss.red.plus.plus.rdf.beitrag_plus.beitrag_plus\"><img src=\"https://www.heise.de/scale/geometry/450/q80//imgs/18/4/8/1/4/0/5/6/ct0725rodingen_132887_geb_uwei_online-3a8f70f6be4c9e55.jpeg\" class=\"webfeedsFeaturedVisual\" alt=\"\" /></a></p><p>3D-Modellierung ist zeitraubend. Mit dem KI-gestützten Onlinetool Rodin reichen hingegen eine kurze Beschreibung oder ein Bild aus, um ein Modell zu generieren.</p>",
      "Language": "de",
      "Link": "https://www.heise.de/tests/Rodin-Gen-1-5-im-Test-3D-Modelle-aus-Textprompts-generieren-10306734.html?wt_mc=rss.red.plus.plus.rdf.beitrag_plus.beitrag_plus"
    },
    {
      "FeedId": "https://www.heise.de/plus/",
      "ItemId": "http://heise.de/-10184785",
      "Title": "heise+ | Luxus-Laufband fürs Büro: Walkolution im Test",
      "PublishDate": "2025-03-12T18:00:00+01:00",
      "Summary": "Das Walkolution 2 ist ein mechanisches Laufband aus Metall und Holz. Wir zeigen, für wen sich das teure Walkingpad aus Deutschland lohnt – und für wen nicht.",
      "Content": "<p><a href=\"https://www.heise.de/tests/Luxus-Laufband-fuers-Buero-Walkolution-im-Test-10184785.html?wt_mc=rss.red.plus.plus.rdf.beitrag_plus.beitrag_plus\"><img src=\"https://www.heise.de/scale/geometry/450/q80//imgs/18/4/7/5/5/5/1/1/walkolutionheader-d3ff92eedd943c08.png\" class=\"webfeedsFeaturedVisual\" alt=\"\" /></a></p><p>Das Walkolution 2 ist ein mechanisches Laufband aus Metall und Holz. Wir zeigen, für wen sich das teure Walkingpad aus Deutschland lohnt – und für wen nicht.</p>",
      "Language": "de",
      "Link": "https://www.heise.de/tests/Luxus-Laufband-fuers-Buero-Walkolution-im-Test-10184785.html?wt_mc=rss.red.plus.plus.rdf.beitrag_plus.beitrag_plus"
    },
    {
      "FeedId": "https://www.heise.de/plus/",
      "ItemId": "http://heise.de/-10311617",
      "Title": "heise+ | Webservices programmieren in Go: Frontends entwickeln",
      "PublishDate": "2025-03-12T15:00:00+01:00",
      "Summary": "Ein Webservice wird mit einem guten Frontend schick und praktisch. Wir zeigen, wie Sie eines programmieren und mit CSS stylen, das Fehleingaben vorbeugt.",
      "Content": "<p><a href=\"https://www.heise.de/hintergrund/Webservices-programmieren-in-Go-Frontends-entwickeln-10311617.html?wt_mc=rss.red.plus.plus.rdf.beitrag_plus.beitrag_plus\"><img src=\"https://www.heise.de/scale/geometry/450/q80//imgs/18/4/8/1/6/6/7/5/ct0225teamsremi_132043_ola_jnac_online-98fec588126b2932.jpeg\" class=\"webfeedsFeaturedVisual\" alt=\"\" /></a></p><p>Ein Webservice wird mit einem guten Frontend schick und praktisch. Wir zeigen, wie Sie eines programmieren und mit CSS stylen, das Fehleingaben vorbeugt.</p>",
      "Language": "de",
      "Link": "https://www.heise.de/hintergrund/Webservices-programmieren-in-Go-Frontends-entwickeln-10311617.html?wt_mc=rss.red.plus.plus.rdf.beitrag_plus.beitrag_plus"
    }
  ]
}
