{
  "raw__": "Photovoltaik-Anlage auf EFH mit Speicher und zwei Elektroautos: Rückblick 2023\n\nWie in den letzten Jahren üblich, mache ich Anfang des Jahres jeweils einen kurzen Rückblick auf unsere Energiebilanz im letzten Jahr. Im Jahr 2017 haben wir unsere PV-Anlage installiert und 2022 auf ein Plusenergiehaus erweitert. Jetzt haben wir etwas mehr als ein Jahr zwei Elektroautos, was die Auswertung vom 2023 gegenüber 2022 besonders spannend macht. […]\nDer Beitrag Photovolta...\n---\nhttps://technikblog.ch/2024/01/photovoltaik-anlage-auf-efh-mit-speicher-und-zwei-elektroautos-rueckblick-2023/",
  "split": "Photovoltaik-Anlage auf EFH mit Speicher und zwei Elektroautos: Rückblick 2023\n\nWie in den letzten Jahren üblich, mache ich Anfang des Jahres jeweils einen kurzen Rückblick auf unsere Energiebilanz im letzten Jahr. Im Jahr 2017 haben wir unsere PV-Anlage installiert und 2022 auf ein Plusenergiehaus erweitert. Jetzt haben wir etwas mehr als ein Jahr zwei Elektroautos, was die Auswertung vom 2023 gegenüber 2022 besonders spannend macht. ...\n---\nhttps://technikblog.ch/2024/01/photovoltaik-anlage-auf-efh-mit-speicher-und-zwei-elektroautos-rueckblick-2023/"
}
