{
  "Language": "en-US",
  "Visibility": "Public",
  "Status": "The Best RAM for Your PC (2025)..."
}
