{
  "raw__": "A Swedish pension fund is offloading its Tesla holdings for good.\nThe post Tesla blacklisted by Swedish pension fund AP7 as it sells entire stake appeared first on TESLARATI.\n---\nhttps://www.teslarati.com/tesla-tsla-blacklisted-swedish-pension-fund-ap7-sells-entire-stake/",
  "split": "Tesla blacklisted by Swedish pension fund AP7 as it sells entire stake\n\nA Swedish pension fund is offloading its Tesla holdings for good....\n---\nhttps://www.teslarati.com/tesla-tsla-blacklisted-swedish-pension-fund-ap7-sells-entire-stake/"
}
