{
  "Language": "en-US",
  "Visibility": "Public",
  "Status": "Israel und Iran: Israel und Iran greifen sich weit..."
}
