{
  "Language": "en-US",
  "Visibility": "Public",
  "Status": "Wood Pellet Mills Are Prone to Catching Fire. Why ..."
}
