{
  "raw__": "Snap, das Unternehmen hinter Snapchat, will den Bereich der Augmented Reality (AR) mit einer neuen Brille namens „Specs“ revolutionieren. Diese AR-Brille, die für 2026 angekündigt ist, soll digitale Erfahrungen nahtlos in die physische Welt integrieren. Über elf Jahre Entwicklung und...Zum Beitrag: Snap setzt auf Augmented Reality: „Specs“ kommen 2026\n\n\nDu kannst uns mit jedem deiner Käufe über Amazon un...\n---\nhttps://stadt-bremerhaven.de/snap-setzt-auf-augmented-reality-specs-kommen-2026/",
  "split": "Snap setzt auf Augmented Reality: „Specs“ kommen 2026\n\nSnap, das Unternehmen hinter Snapchat, will den Bereich der Augmented Reality (AR) mit einer neuen Brille namens „Specs“ revolutionieren. Diese AR-Brille, die für 2026 angekündigt ist, soll digitale Erfahrungen nahtlos in die physische Welt integrieren. Über elf Jahre Entwicklung und...\n---\nhttps://stadt-bremerhaven.de/snap-setzt-auf-augmented-reality-specs-kommen-2026/"
}
