{
  "raw__": "In Deutschland könnten mit Smartphones 2025 erstmals über 40 Mrd. Euro Umsatz erzielt werden. Zumindest prognostiziert das der Branchenverband Bitkom. Dabei nimmt man auch künstliche Intelligenz (KI) als Triebfeder wahr. Diese werden nämlich bereits von rund drei Viertel der User...Zum Beitrag: Smartphones 2025: Erstmals über 40 Mrd. Umsatz in Deutschland\n\n\nDu kannst uns mit jedem deiner Käufe über ...\n---\nhttps://stadt-bremerhaven.de/smartphones-2024-erstmals-ueber-40-mrd-umsatz-in-deutschland/",
  "split": "Smartphones 2025: Erstmals über 40 Mrd. Umsatz in Deutschland\n\nIn Deutschland könnten mit Smartphones 2025 erstmals über 40 Mrd. Euro Umsatz erzielt werden. Zumindest prognostiziert das der Branchenverband Bitkom. Dabei nimmt man auch künstliche Intelligenz (KI) als Triebfeder wahr. Diese werden nämlich bereits von rund drei Viertel der User...\n---\nhttps://stadt-bremerhaven.de/smartphones-2024-erstmals-ueber-40-mrd-umsatz-in-deutschland/"
}
