blog:2025:bruttonetto_10.png
---
https://www.dkriesel.com/?image=blog%3A2025%3Abruttonetto_10.png&ns=blog%3A2025&do=media
