{
  "raw__": "Audi eröffnet charging hub in Zürich\n\nGestern wurde in Zürich, als zweite Destination weltweit, ein eigener Audi charging hub eröffnet. Die vier Ladepunkte an der Einfahrt zum Parkhaus der Messe Zürich leisten bis zu 320 kW pro Ladepunkt. Besonders dabei, der Hub stellt mehr Ladeleistung zur Verfügung, als der Anschluss eigentlich leisten würde. Das durch die nutzung von Second-Life-Batterien. Schnellladen in der Stadt […]\nDer Beitrag Audi eröffnet charging hub...\n---\nhttps://technikblog.ch/2022/11/audi-eroeffnet-charging-hub-in-zuerich/",
  "split": "Audi eröffnet charging hub in Zürich\n\nGestern wurde in Zürich, als zweite Destination weltweit, ein eigener Audi charging hub eröffnet. Die vier Ladepunkte an der Einfahrt zum Parkhaus der Messe Zürich leisten bis zu 320 kW pro Ladepunkt. Besonders dabei, der Hub stellt mehr Ladeleistung zur Verfügung, als der Anschluss eigentlich leisten würde. Das durch die nutzung von Second-Life-Batterien. Schnellladen in der Stadt ...\n---\nhttps://technikblog.ch/2022/11/audi-eroeffnet-charging-hub-in-zuerich/"
}
