[
  {
    "itemId": "https://www.elektroauto-news.net/?p=177770",
    "raw": "SuperPanther plant 16.000 E-Lkw bis 2030",
    "sanitized": "SuperPanther plant 16.000 E-Lkw bis 2030"
  },
  {
    "itemId": "https://www.elektroauto-news.net/?p=177455",
    "raw": "Diese kompakten 7 E-Autos mit Allrad sind besonders sparsam",
    "sanitized": "Diese kompakten 7 E-Autos mit Allrad sind besonders sparsam"
  },
  {
    "itemId": "https://www.elektroauto-news.net/?p=177833",
    "raw": "Stuttgart: Elektroautos führen erstmals bei Neuzulassungen",
    "sanitized": "Stuttgart: Elektroautos führen erstmals bei Neuzulassungen"
  },
  {
    "itemId": "https://www.elektroauto-news.net/?p=177615",
    "raw": "Lucid Air Pure Fahrbericht: 747 km Reichweite in der Basis",
    "sanitized": "Lucid Air Pure Fahrbericht: 747 km Reichweite in der Basis"
  },
  {
    "itemId": "https://www.elektroauto-news.net/?p=177808",
    "raw": "Der Hitze im Auto trotzen: Sicher und entspannt durch den Sommer",
    "sanitized": "Der Hitze im Auto trotzen: Sicher und entspannt durch den Sommer"
  },
  {
    "itemId": "https://www.elektroauto-news.net/?p=177762",
    "raw": "Audi A5 Avant Plug-in-Hybrid im Test",
    "sanitized": "Audi A5 Avant Plug-in-Hybrid im Test"
  },
  {
    "itemId": "https://www.elektroauto-news.net/?p=177657",
    "raw": "Renault zeigt Elektroauto für Feuerwehreinsätze",
    "sanitized": "Renault zeigt Elektroauto für Feuerwehreinsätze"
  },
  {
    "itemId": "https://www.elektroauto-news.net/?p=177757",
    "raw": "Verkehrsministerium startet Expertenforum für klimafreundliche Mobilität",
    "sanitized": "Verkehrsministerium startet Expertenforum für klimafreundliche Mobilität"
  },
  {
    "itemId": "https://www.elektroauto-news.net/?p=177718",
    "raw": "Der neue Peugeot E-208 GTi wird elektrisch und sportlich",
    "sanitized": "Der neue Peugeot E-208 GTi wird elektrisch und sportlich"
  },
  {
    "itemId": "https://www.elektroauto-news.net/?p=177741",
    "raw": "Unternehmen sparen mehr als 100.000 Euro mit E-Autos und Solar",
    "sanitized": "Unternehmen sparen mehr als 100.000 Euro mit E-Autos und Solar"
  },
  {
    "itemId": "https://www.elektroauto-news.net/?p=177691",
    "raw": "Start-up Lemonflow will Support an Ladesäulen verbessern",
    "sanitized": "Start-up Lemonflow will Support an Ladesäulen verbessern"
  },
  {
    "itemId": "https://www.elektroauto-news.net/?p=177644",
    "raw": "E-Autos unter 20.000 Euro erobern Nischenmarkt",
    "sanitized": "E-Autos unter 20.000 Euro erobern Nischenmarkt"
  },
  {
    "itemId": "https://www.elektroauto-news.net/?p=177625",
    "raw": "Škoda baut elektrischen Rennwagen RS Race aus Flachs",
    "sanitized": "Škoda baut elektrischen Rennwagen RS Race aus Flachs"
  },
  {
    "itemId": "https://www.elektroauto-news.net/?p=177647",
    "raw": "Kia preist Elektro-Kleinbus PV5 bei 38.290 Euro ein",
    "sanitized": "Kia preist Elektro-Kleinbus PV5 bei 38.290 Euro ein"
  },
  {
    "itemId": "https://www.elektroauto-news.net/?p=177739",
    "raw": "Renault R5 im Leasing: Elektro-Ikone ab 189 Euro/Monat",
    "sanitized": "Renault R5 im Leasing: Elektro-Ikone ab 189 Euro/Monat"
  },
  {
    "itemId": "https://www.elektroauto-news.net/?p=177677",
    "raw": "Polestar darf nun auch in Frankreich E-Autos verkaufen",
    "sanitized": "Polestar darf nun auch in Frankreich E-Autos verkaufen"
  },
  {
    "itemId": "https://www.elektroauto-news.net/?p=177683",
    "raw": "Warum Wasserstoff-Lkw-Vermieter Hylane E-Lkw ins Angebot aufnimmt",
    "sanitized": "Warum Wasserstoff-Lkw-Vermieter Hylane E-Lkw ins Angebot aufnimmt"
  },
  {
    "itemId": "https://www.elektroauto-news.net/?p=177663",
    "raw": "XPeng kündigt Updates für die E-SUV G6 und G9 für Europa an",
    "sanitized": "XPeng kündigt Updates für die E-SUV G6 und G9 für Europa an"
  }
]
