{
  "raw__": "Volkswagen bietet 2022 bidirektionales Laden und Plug & Charge an\n\nHeute hat Volkswagen in einer Presserunde einige spannende Informationen bezüglich des Ökosystems rund um das Laden von Elektroautos gegeben. So wird 2022 über ein Update Plug & Charge eingeführt und damit wohl die Ladekarte bald überflüssig machen. Die ID. Modelle werden dank bidirektionalem Laden zu Energiespeichern für das eigene Haus und einiges mehr. Nachfolgend die […]\nDer Beitrag Volkswag...\n---\nhttps://technikblog.ch/2021/12/volkswagen-bietet-2022-bidirektionales-laden-und-plug-charge-an/",
  "split": "Volkswagen bietet 2022 bidirektionales Laden und Plug & Charge an\n\nHeute hat Volkswagen in einer Presserunde einige spannende Informationen bezüglich des Ökosystems rund um das Laden von Elektroautos gegeben. So wird 2022 über ein Update Plug & Charge eingeführt und damit wohl die Ladekarte bald überflüssig machen. Die ID. Modelle werden dank bidirektionalem Laden zu Energiespeichern für das eigene Haus und einiges mehr. Nachfolgend die ...\n---\nhttps://technikblog.ch/2021/12/volkswagen-bietet-2022-bidirektionales-laden-und-plug-charge-an/"
}
