De tout cœur, de toutes nos forces en communion de pensée avec les Réunionnais à l'approche du cyclone Garance.
---
https://nitter.privacydev.net/JLMelenchon/status/1895137023826227201#m
