{
  "Language": "de-CH",
  "Visibility": "Public",
  "Status": "Whatwatt Go im Test: Mit diesem Adapter gibt es Li..."
}
