[
  {
    "itemId": "yt:video:7h6kUNlC6cs",
    "raw": null,
    "sanitized": null
  },
  {
    "itemId": "yt:video:cEBwKSiHPCE",
    "raw": null,
    "sanitized": null
  },
  {
    "itemId": "yt:video:d1ZTQbPd7VQ",
    "raw": null,
    "sanitized": null
  },
  {
    "itemId": "yt:video:RufHRlOdco0",
    "raw": null,
    "sanitized": null
  },
  {
    "itemId": "yt:video:ozcZuz5p3ss",
    "raw": null,
    "sanitized": null
  },
  {
    "itemId": "yt:video:6NpOw1Onf2I",
    "raw": null,
    "sanitized": null
  },
  {
    "itemId": "yt:video:GjCYYJ6tlJc",
    "raw": null,
    "sanitized": null
  },
  {
    "itemId": "yt:video:dD6LgAWvn64",
    "raw": null,
    "sanitized": null
  },
  {
    "itemId": "yt:video:_yqBdnk6eww",
    "raw": null,
    "sanitized": null
  },
  {
    "itemId": "yt:video:lqQjZOTuVBY",
    "raw": null,
    "sanitized": null
  },
  {
    "itemId": "yt:video:ptp5suRDdQQ",
    "raw": null,
    "sanitized": null
  },
  {
    "itemId": "yt:video:rUaztYdgoj0",
    "raw": null,
    "sanitized": null
  },
  {
    "itemId": "yt:video:alKs-LFn0Ok",
    "raw": null,
    "sanitized": null
  },
  {
    "itemId": "yt:video:mk05ddf3mqg",
    "raw": null,
    "sanitized": null
  },
  {
    "itemId": "yt:video:gKJJycCTeuU",
    "raw": null,
    "sanitized": null
  }
]
