{
  "Language": "en-US",
  "Visibility": "Public",
  "Status": "You’re Probably Wasting Money on Gaming Mice..."
}
