{
  "Language": "en-US",
  "Visibility": "Public",
  "Status": "New, Simpler Solution File Format..."
}
