FDP-Fraktionschef Dürr will für Parteivorsitz kandidieren

Nach dem Debakel bei der Bundestagswahl bewirbt sich der bisherige FDP-Fraktionschef Dürr um den Parteivorsitz. Er wolle dazu beitragen, dass die FDP stark zurückkehre, erklärte er.
---
https://www.tagesschau.de/inland/innenpolitik/fdp-parteichef-duerr-100.html
