Pravda-Netzwerk: Chatbots von russischer Propaganda verseucht

Das russische Pravda-Netzwerk infiltriert KI-Tools wie ChatGPT und Perplexity mit Fehlinformationen, wie eine Studie belegt. (Fake-News, KI)
---
https://www.golem.de/news/pravda-netzwerk-chatbots-von-russischer-propaganda-verseucht-2503-194349.html
