In defence of multiple WiP

Programming isn't like factory work.
    
    
        I was recently stuck on a programming problem. Specifically, part two of an Advent of Code puzzle, if you must know. As is my routine, I went for a run, which always helps to get unstuck. During the few hours away from the keyboard, I'd had a new idea. When I returned to the computer, I had my new algorithm implemented in about an hour, and it calculated the correct result in sub...
---
https://blog.ploeh.dk/2025/02/17/in-defence-of-multiple-wip/
