{
  "Language": "en-US",
  "Visibility": "Public",
  "Status": "How to Install Java 21 on AlmaLinux 10..."
}
