{
  "Language": "en-us",
  "Visibility": "Public",
  "Status": "Testing races with a slow Decorator..."
}
