(g+) KI bei Entscheidungen: Wo künstliche Intelligenz heute mitbestimmt

Ob bei Diagnosen, Kreditvergaben oder im Verkehr - KI-Systeme treffen heute Entscheidungen, die früher Menschen trafen. Dabei ist auch Vorsicht geboten. Eine Analyse von Klaus Manhart (KI – ganz praktisch, KI)
---
https://www.golem.de/news/ki-bei-entscheidungen-wo-kuenstliche-intelligenz-heute-mitbestimmt-2506-197089.html
