{
  "raw__": "Fahrbericht: Smart #1 im Test – der auffällige Unauffällige\n\nEines aus meiner Sicht spannendsten Elektroautos im Jahr 2023 ist der Smart #1. Er definiert die Marke smart komplett neu und tritt mit dem #1 in eine neue Fahrzeugsparte. Im #1 werden zum ersten Mal die Kräfte von Mercedes und der chinesischen Geely-Gruppe gebündelt und die Eckdaten des «Hashtag One», wie man den Modellnamen korrekt […]\nDer Beitrag Fahrbericht: Smart #1 im Test – der auffällige Unauf...\n---\nhttps://technikblog.ch/2023/05/fahrbericht-smart-1-im-test-der-auffaellige-unauffaellige/",
  "split": "Fahrbericht: Smart #1 im Test – der auffällige Unauffällige\n\nEines aus meiner Sicht spannendsten Elektroautos im Jahr 2023 ist der Smart #1. Er definiert die Marke smart komplett neu und tritt mit dem #1 in eine neue Fahrzeugsparte. Im #1 werden zum ersten Mal die Kräfte von Mercedes und der chinesischen Geely-Gruppe gebündelt und die Eckdaten des «Hashtag One», wie man den Modellnamen korrekt ...\n---\nhttps://technikblog.ch/2023/05/fahrbericht-smart-1-im-test-der-auffaellige-unauffaellige/"
}
