{
  "Language": "de",
  "Visibility": "Public",
  "Status": "Lucid Air Pure Fahrbericht: 747 km Reichweite in d..."
}
