The first 5 million Starlink kits took nearly four years to build.
The post SpaceX produces its 10 millionth Starlink kit appeared first on TESLARATI.

#tesla #teslarati
---
https://www.teslarati.com/spacex-produces-10-millionth-starlink-kit/
