{
  "raw__": "Rivian has issued a new recall for the R1T and R1S in Canada and the U.S. over concerns the front seat belts in some vehicles may not have been properly installed during assembly, posing an […]\nThe post Rivian issues R1T and R1S recall for potentially loose seat belts appeared first on Drive Tesla.\n---\nhttps://driveteslacanada.ca/news/rivian-issues-r1t-and-r1s-recall-for-potentially-loose-seat-belts/?utm_source=rss&utm_medium=rss&utm_campaign=rivian-issues-r1t-and-r1s-recall-for-potentially-loose-seat-belts",
  "split": "Rivian issues R1T and R1S recall for potentially loose seat belts\n\nRivian has issued a new recall for the R1T and R1S in Canada and the U.S. over concerns the front seat belts in some vehicles may not have been properly installed during assembly, posing an ...\n---\nhttps://driveteslacanada.ca/news/rivian-issues-r1t-and-r1s-recall-for-potentially-loose-seat-belts/?utm_source=rss&utm_medium=rss&utm_campaign=rivian-issues-r1t-and-r1s-recall-for-potentially-loose-seat-belts"
}
