{
  "raw__": "Maxus bringt den eTerron 9 nach Deutschland – ein Elektro-Pick-up mit 325 kW Leistung, 430 km Reichweite und Allradantrieb. Auslieferungen sollen bald starten.\nDer Beitrag Maxus bringt Elektro-Pick-up eTerron 9 nach Deutschland erschien zuerst auf Elektroauto-News.net.\n---\nhttps://www.elektroauto-news.net/news/maxus-pick-up-eterron-9-deutschland",
  "split": "Maxus bringt Elektro-Pick-up eTerron 9 nach Deutschland\n\nMaxus bringt den eTerron 9 nach Deutschland – ein Elektro-Pick-up mit 325 kW Leistung, 430 km Reichweite und Allradantrieb. Auslieferungen sollen bald starten....\n---\nhttps://www.elektroauto-news.net/news/maxus-pick-up-eterron-9-deutschland"
}
