{
  "Language": "de-DE",
  "Visibility": "Public",
  "Status": "\"Das ist nicht The Apprentice\": Warum diese Bundes..."
}
