Hattie McDaniel: Ausgegrenzt bis in den Tod

Geboren wird Hattie McDaniel am 10.6.1895 - und zum Hollywood-Star. Als erste Person of Color holt sie einen Oscar - und wird wegen ihrer Hautfarbe doch immer wieder ausgegrenzt. Von Christiane Kopka.
---
https://www1.wdr.de/mediathek/audio/zeitzeichen/audio-hattie-mcdaniel-ausgegrenzt-bis-in-den-tod-100.html
