{
  "Language": "de",
  "Visibility": "Public",
  "Status": "(g+) KI bei Entscheidungen: Wo künstliche Intellig..."
}
