[
  {
    "itemId": "https://nitter.privacydev.net/JLMelenchon/status/1895195733575508203#m",
    "raw": "<p>Le conclave \"négocié\" par le PS tourne au piège total pour les salariés. En cas de \"blocage\" sur les retraites, \"le référendum est une issue\", dit Bayrou. FO est déjà parti. Le conclave est mort. Le piège continue son chemin. Merci qui ?</p>",
    "sanitized": "Le conclave \"négocié\" par le PS tourne au piège total pour les salariés. En cas de \"blocage\" sur les retraites, \"le référendum est une issue\", dit Bayrou. FO est déjà parti. Le conclave est mort. Le piège continue son chemin. Merci qui ?"
  },
  {
    "itemId": "https://nitter.privacydev.net/boumertitidir/status/1895129149905223949#m",
    "raw": "<p>Vite une commission d’enquête sur l’islamophobie ! <br>\n<br>\nLa mosquée de Jargeau incendiée après des menaces et insultes, la veille du Ramadan. <br>\n<br>\nPartout en France, ces actes ignobles se répètent sans fin : encore combien d’actes de cette nature avant un sursaut du gouvernement  ?<br>\n<br>\nCe climat islamophobe permanent, alimenté par une partie de la classe politique et médiatique, doit cesser. <br>\n<br>\nNos compatriotes musulmans ne sont pas des sous-citoyens. <br>\n<br>\nDepuis plusieurs mois, je travaille sur une proposition de résolution tendant à la création d’une commission d’enquête sur l’islamophobie que je rendrai bientôt publique. <br>\n<br>\nRendez-vous partout dans la rue le 22 mars pour dire non au racisme.</p>\n<img src=\"https://nitter.privacydev.net/pic/ext_tw_video_thumb%2F1895129126438080512%2Fpu%2Fimg%2F0c1-hL36Duu5VD5Q.jpg\" style=\"max-width:250px;\" />",
    "sanitized": "Vite une commission d’enquête sur l’islamophobie ! \n\nLa mosquée de Jargeau incendiée après des menaces et insultes, la veille du Ramadan. \n\nPartout en France, ces actes ignobles se répètent sans fin : encore combien d’actes de cette nature avant un sursaut du gouvernement  ?\n\nCe climat islamophobe permanent, alimenté par une partie de la classe politique et médiatique, doit cesser. \n\nNos compatriotes musulmans ne sont pas des sous-citoyens. \n\nDepuis plusieurs mois, je travaille sur une proposition de résolution tendant à la création d’une commission d’enquête sur l’islamophobie que je rendrai bientôt publique. \n\nRendez-vous partout dans la rue le 22 mars pour dire non au racisme."
  },
  {
    "itemId": "https://nitter.privacydev.net/JLMelenchon/status/1895137023826227201#m",
    "raw": "<p>De tout cœur, de toutes nos forces en communion de pensée avec les Réunionnais à l'approche du cyclone Garance.</p>",
    "sanitized": "De tout cœur, de toutes nos forces en communion de pensée avec les Réunionnais à l'approche du cyclone Garance."
  },
  {
    "itemId": "https://nitter.privacydev.net/JLMelenchon/status/1895111267549093904#m",
    "raw": "<p>Ras-le-bol ! Nous exigeons le respect pour TOUS nos élus. L'idéologie suprémaciste n'a pas sa place dans l'autorité publique !</p>\n<p><a href=\"https://nitter.privacydev.net/AlyDiouara/status/1894826896086470760#m\">nitter.privacydev.net/AlyDiouara/status/1894826896086470760#m</a></p>",
    "sanitized": "Ras-le-bol ! Nous exigeons le respect pour TOUS nos élus. L'idéologie suprémaciste n'a pas sa place dans l'autorité publique !\nnitter.privacydev.net/AlyDiouara/status/1894826896086470760#m"
  },
  {
    "itemId": "https://nitter.privacydev.net/JLMelenchon/status/1895067354360381900#m",
    "raw": "<p>🔴 📺 États-Unis-Mexique : que se passe-t-il vraiment ?<br>\n<br>\n👉 <a href=\"https://youtu.be/6VsVdgi1jQs\">youtu.be/6VsVdgi1jQs</a><br>\n<br>\nBon visionnage et n'hésitez pas à partager !</p>\n<img src=\"https://nitter.privacydev.net/pic/media%2FGkyeuCLWoAAbfI0.jpg\" style=\"max-width:250px;\" />",
    "sanitized": "🔴 📺 États-Unis-Mexique : que se passe-t-il vraiment ?\n\n👉 youtu.be/6VsVdgi1jQs\n\nBon visionnage et n'hésitez pas à partager !"
  },
  {
    "itemId": "https://nitter.privacydev.net/JLMelenchon/status/1895027403329527810#m",
    "raw": "<p>Deux salles combles à l'Université de Mexico, Faculté de sciences politiques et sociales. 500 étudiants attentifs à la présentation de mon livre : \"¡Ahora el pueblo!\"</p>\n<img src=\"https://nitter.privacydev.net/pic/media%2FGkx8WuYWwAAQd43.jpg\" style=\"max-width:250px;\" />\n<img src=\"https://nitter.privacydev.net/pic/media%2FGkx8XTvWUAAa41H.jpg\" style=\"max-width:250px;\" />",
    "sanitized": "Deux salles combles à l'Université de Mexico, Faculté de sciences politiques et sociales. 500 étudiants attentifs à la présentation de mon livre : \"¡Ahora el pueblo!\""
  },
  {
    "itemId": "https://nitter.privacydev.net/JLMelenchon/status/1895008928783913065#m",
    "raw": "<p>Honneur d'un échange crucial avec la Présidente du Mexique Claudia Sheinbaum. En contact direct sur 3500 kilomètres de frontière commune avec les USA, elle assume une volonté de coopération mais de souveraineté sans soumission à son agressif voisin. Une puissante leçon dans l'art de gouverner en paix sans capitulation.</p>\n<img src=\"https://nitter.privacydev.net/pic/media%2FGkxrHWaXIAE3OYu.jpg\" style=\"max-width:250px;\" />",
    "sanitized": "Honneur d'un échange crucial avec la Présidente du Mexique Claudia Sheinbaum. En contact direct sur 3500 kilomètres de frontière commune avec les USA, elle assume une volonté de coopération mais de souveraineté sans soumission à son agressif voisin. Une puissante leçon dans l'art de gouverner en paix sans capitulation."
  },
  {
    "itemId": "https://nitter.privacydev.net/Claudiashein/status/1894939111238312412#m",
    "raw": "<p>Muchas gracias a Jean-Luc Mélenchon por su profunda reflexión. Coincidimos en que ¡Ahora el pueblo!</p>\n<img src=\"https://nitter.privacydev.net/pic/media%2FGkwtBz6aUAAIbU_.jpg\" style=\"max-width:250px;\" />",
    "sanitized": "Muchas gracias a Jean-Luc Mélenchon por su profunda reflexión. Coincidimos en que ¡Ahora el pueblo!"
  },
  {
    "itemId": "https://nitter.privacydev.net/MathildePanot/status/1894762469408620998#m",
    "raw": "<p>C’est samedi ! Découvrez le programme de notre colloque « Mobilisations féministes contre l’extrême droite » avec des élues, militantes associatives et chercheuses du monde entier !<br>\n<br>\nOrganisé en partenariat avec <a href=\"https://nitter.privacydev.net/i_laboetie\" title=\"Institut La Boétie\">@i_laboetie</a> et <a href=\"https://nitter.privacydev.net/Left_EU\" title=\"The Left in the European Parliament\">@Left_EU</a><br>\n<br>\n👉 Inscrivez-vous : <a href=\"http://urlr.me/KeHYhu\">urlr.me/KeHYhu</a></p>\n<img src=\"https://nitter.privacydev.net/pic/media%2FGkuMZLPWgAAd8WQ.jpg\" style=\"max-width:250px;\" />",
    "sanitized": "C’est samedi ! Découvrez le programme de notre colloque « Mobilisations féministes contre l’extrême droite » avec des élues, militantes associatives et chercheuses du monde entier !\n\nOrganisé en partenariat avec @i_laboetie et @Left_EU\n\n👉 Inscrivez-vous : urlr.me/KeHYhu"
  },
  {
    "itemId": "https://nitter.privacydev.net/JLMelenchon/status/1894800639063982241#m",
    "raw": "<p>Nouvel appel au meurtre de militants pro-génocide contre des responsables insoumis. Ça fait plus d’un an et demi que ça dure et que certains reçoivent des balles par la poste, doivent déménager, se font harceler ou d’autres se font saccager leur maison. La France de Macron et des non-censureurs. Merci qui ?</p>\n<img src=\"https://nitter.privacydev.net/pic/media%2FGkuu9hfXoAA3c8S.jpg\" style=\"max-width:250px;\" />",
    "sanitized": "Nouvel appel au meurtre de militants pro-génocide contre des responsables insoumis. Ça fait plus d’un an et demi que ça dure et que certains reçoivent des balles par la poste, doivent déménager, se font harceler ou d’autres se font saccager leur maison. La France de Macron et des non-censureurs. Merci qui ?"
  },
  {
    "itemId": "https://nitter.privacydev.net/JLMelenchon/status/1894774554515403002#m",
    "raw": "<p>Aujourd'hui, anniversaire du dépeçage de l'Afrique en 1885 à l'initiative de l'Allemagne qui y pratiqua son premier génocide. La seule repentance qui vaille est le devoir d'être aux avant-postes du soutien au droit international sur le continent. Soutien à la RDC agressée. Punition de l'envahisseur rwandais au Kivu.</p>",
    "sanitized": "Aujourd'hui, anniversaire du dépeçage de l'Afrique en 1885 à l'initiative de l'Allemagne qui y pratiqua son premier génocide. La seule repentance qui vaille est le devoir d'être aux avant-postes du soutien au droit international sur le continent. Soutien à la RDC agressée. Punition de l'envahisseur rwandais au Kivu."
  },
  {
    "itemId": "https://nitter.privacydev.net/JLMelenchon/status/1894754331129254158#m",
    "raw": "<p>Première conférence au Fonds de culture économique à Mexico. Avec Paco <a href=\"https://nitter.privacydev.net/Taibo2\" title=\"Paco Taibo2📝\">@Taibo2</a>, le maître du roman policier, nous rencontrons un public de gauche fervente.</p>\n<img src=\"https://nitter.privacydev.net/pic/media%2FGkt9NrwWcAAMsbV.jpg\" style=\"max-width:250px;\" />\n<img src=\"https://nitter.privacydev.net/pic/media%2FGkt9O-bXkAAj2dL.jpg\" style=\"max-width:250px;\" />\n<img src=\"https://nitter.privacydev.net/pic/media%2FGkt9RvrXYAA8sW_.jpg\" style=\"max-width:250px;\" />\n<img src=\"https://nitter.privacydev.net/pic/media%2FGkt9U35XUAAPUpi.jpg\" style=\"max-width:250px;\" />",
    "sanitized": "Première conférence au Fonds de culture économique à Mexico. Avec Paco @Taibo2, le maître du roman policier, nous rencontrons un public de gauche fervente."
  },
  {
    "itemId": "https://nitter.privacydev.net/JLMelenchon/status/1894504356512239758#m",
    "raw": "<p>Tous les perroquets savants qui nous traitaient de munichois lèchent les mains de leur maître Trump. Mais lui vote contre leur résolution à l'ONU sur l'intégrité territoriale de l'Ukraine. Et la ministre danoise de dire que la paix est plus dangereuse que la guerre ! Qu'elle y envoie ses enfants ! Qu'ils s'en aillent tous ! Ils salissent tout ce dont ils s'occupent !</p>",
    "sanitized": "Tous les perroquets savants qui nous traitaient de munichois lèchent les mains de leur maître Trump. Mais lui vote contre leur résolution à l'ONU sur l'intégrité territoriale de l'Ukraine. Et la ministre danoise de dire que la paix est plus dangereuse que la guerre ! Qu'elle y envoie ses enfants ! Qu'ils s'en aillent tous ! Ils salissent tout ce dont ils s'occupent !"
  },
  {
    "itemId": "https://nitter.privacydev.net/i_laboetie/status/1894377579152290136#m",
    "raw": "<p>Ce week-end, les 10e, 11e et 12e stages régionaux de formation de l'Institut La Boétie ont eu lieu à Lille, Nancy et Marseille ! 🔥<br>\n<br>\n150 insoumis·es ont suivi 3 jours de formation intense en théorie et en pratiques militantes.<br>\n<br>\nBravo à eux, et à bientôt dans la lutte ! ✊</p>\n<img src=\"https://nitter.privacydev.net/pic/media%2FGkotruQXwAAKLFw.jpg\" style=\"max-width:250px;\" />\n<img src=\"https://nitter.privacydev.net/pic/media%2FGkott4iWQAAf6td.jpg\" style=\"max-width:250px;\" />\n<img src=\"https://nitter.privacydev.net/pic/media%2FGkot68NWIAAt9rr.jpg\" style=\"max-width:250px;\" />",
    "sanitized": "Ce week-end, les 10e, 11e et 12e stages régionaux de formation de l'Institut La Boétie ont eu lieu à Lille, Nancy et Marseille ! 🔥\n\n150 insoumis·es ont suivi 3 jours de formation intense en théorie et en pratiques militantes.\n\nBravo à eux, et à bientôt dans la lutte ! ✊"
  },
  {
    "itemId": "https://nitter.privacydev.net/JLMelenchon/status/1894489017774973041#m",
    "raw": "<p>Trump a imposé des profits de guerre aux Ukrainiens après que l'oligarchie des USA ait déjà bien pillé le pays. Les petits soldats des gouvernements européens savent dorénavant pour qui ils ont si bien travaillé. À moins qu'ils n'aient eux aussi les doigts dans le pot de confiture. On comprend pourquoi Macron et Trump sont de vrais potes....</p>",
    "sanitized": "Trump a imposé des profits de guerre aux Ukrainiens après que l'oligarchie des USA ait déjà bien pillé le pays. Les petits soldats des gouvernements européens savent dorénavant pour qui ils ont si bien travaillé. À moins qu'ils n'aient eux aussi les doigts dans le pot de confiture. On comprend pourquoi Macron et Trump sont de vrais potes...."
  },
  {
    "itemId": "https://nitter.privacydev.net/JLMelenchon/status/1894488179480076470#m",
    "raw": "<p>Avec <a href=\"https://nitter.privacydev.net/LuisaAlcalde\" title=\"Luisa Alcalde\">@LuisaAlcalde</a>, la Présidente de <a href=\"https://nitter.privacydev.net/PartidoMorenaMx\" title=\"Morena\">@PartidoMorenaMx</a>. <br>\n<br>\nSon objectif : 10 million d'adhérents… Le mouvement est désormais majoritaire dans les deux assemblées et dans les collectivités locales. Les partis traditionnels sont vomis par le peuple mexicain.</p>\n<img src=\"https://nitter.privacydev.net/pic/media%2FGkqS9TNWwAAR5FR.jpg\" style=\"max-width:250px;\" />",
    "sanitized": "Avec @LuisaAlcalde, la Présidente de @PartidoMorenaMx. \n\nSon objectif : 10 million d'adhérents… Le mouvement est désormais majoritaire dans les deux assemblées et dans les collectivités locales. Les partis traditionnels sont vomis par le peuple mexicain."
  },
  {
    "itemId": "https://nitter.privacydev.net/mbompard/status/1894447683869217202#m",
    "raw": "<p>Ceci est la conséquence d’une réforme de la régulation du nucléaire présente  dans le budget passé par 49.3.<br>\n<br>\nPour l’empêcher, il fallait censurer. <br>\n<br>\nCeux qui ne l’ont pas fait ont laissé passer ce budget. Ils seront responsables des conséquences dramatiques pour le peuple.</p>\n<p><a href=\"https://nitter.privacydev.net/franceinfo/status/1894258795691315562#m\">nitter.privacydev.net/franceinfo/status/1894258795691315562#m</a></p>",
    "sanitized": "Ceci est la conséquence d’une réforme de la régulation du nucléaire présente  dans le budget passé par 49.3.\n\nPour l’empêcher, il fallait censurer. \n\nCeux qui ne l’ont pas fait ont laissé passer ce budget. Ils seront responsables des conséquences dramatiques pour le peuple.\nnitter.privacydev.net/franceinfo/status/1894258795691315562#m"
  },
  {
    "itemId": "https://nitter.privacydev.net/JLMelenchon/status/1894474613104504896#m",
    "raw": "<p>Rencontre avec <a href=\"https://nitter.privacydev.net/rosaicela_\" title=\"Rosa Icela Rodríguez Velázquez\">@rosaicela_</a> Ministre de l'Intérieur du Mexique. <br>\n<br>\nMilitante de toujours, Ministre à l'efficacité reconnue par tous, pour défendre la dignité des damnés de la Terre elle a organisé l'accueil en fanfare des Mexicains expulsés par Trump !</p>\n<img src=\"https://nitter.privacydev.net/pic/media%2FGkqGnerXIAAiHdR.jpg\" style=\"max-width:250px;\" />",
    "sanitized": "Rencontre avec @rosaicela_ Ministre de l'Intérieur du Mexique. \n\nMilitante de toujours, Ministre à l'efficacité reconnue par tous, pour défendre la dignité des damnés de la Terre elle a organisé l'accueil en fanfare des Mexicains expulsés par Trump !"
  },
  {
    "itemId": "https://nitter.privacydev.net/rosaicela_/status/1894206981138739511#m",
    "raw": "<p>Un gusto recibir esta tarde a Jean-Luc Mélenchon <a href=\"https://nitter.privacydev.net/JLMelenchon\" title=\"Jean-Luc Mélenchon\">@JLMelenchon</a>, copresidente de <a href=\"https://nitter.privacydev.net/i_laboetie\" title=\"Institut La Boétie\">@i_laboetie</a> y distinguido dirigente de la izquierda francesa, con quien conversamos sobre los alcances de la transformación pacífica de la sociedad, temática de su nuevo libro ¡Ahora el pueblo! <a href=\"https://nitter.privacydev.net/Claudiashein\" title=\"Claudia Sheinbaum Pardo\">@Claudiashein</a> 🇲🇽 🇫🇷</p>\n<img src=\"https://nitter.privacydev.net/pic/media%2FGkmTNQOW4AAlcGo.jpg\" style=\"max-width:250px;\" />",
    "sanitized": "Un gusto recibir esta tarde a Jean-Luc Mélenchon @JLMelenchon, copresidente de @i_laboetie y distinguido dirigente de la izquierda francesa, con quien conversamos sobre los alcances de la transformación pacífica de la sociedad, temática de su nuevo libro ¡Ahora el pueblo! @Claudiashein 🇲🇽 🇫🇷"
  },
  {
    "itemId": "https://nitter.privacydev.net/JLMelenchon/status/1894186450284954006#m",
    "raw": "<p>Rima Hassan, députée européenne française, et la délégation officielle de l’Union européenne, arrivées à l'aéroport de Tel Aviv ont été refoulées, sur ordre du ministre des Affaires de la Diaspora Amichai Chikli.<br>\n\"La députée européenne antisémite Rima Hassan, issue du parti de Mélenchon, qui défend le Hamas et promeut le boycott et les sanctions contre Israël sous de fausses allégations, a tenté d'entrer dans le pays ce matin\", éructe le ministre de Netanyahu qui reçut il y a peu le pseudo patriote Bardella, lui aussi député européen français. La France, Bardella et la diaspora doivent protester en solidarité des Français pour les représentants de leur pays quand ils sont maltraités.</p>",
    "sanitized": "Rima Hassan, députée européenne française, et la délégation officielle de l’Union européenne, arrivées à l'aéroport de Tel Aviv ont été refoulées, sur ordre du ministre des Affaires de la Diaspora Amichai Chikli.\n\"La députée européenne antisémite Rima Hassan, issue du parti de Mélenchon, qui défend le Hamas et promeut le boycott et les sanctions contre Israël sous de fausses allégations, a tenté d'entrer dans le pays ce matin\", éructe le ministre de Netanyahu qui reçut il y a peu le pseudo patriote Bardella, lui aussi député européen français. La France, Bardella et la diaspora doivent protester en solidarité des Français pour les représentants de leur pays quand ils sont maltraités."
  }
]
