Deep Talk – Warum wir nicht sofort über die Arbeit sprechen sollten (und wie es besser geht)

Viele Gespräche mit Unbekannten beginnen mit derselben Frage: „Und, was machen Sie beruflich?“ Kann man machen, erzeugt beim Gegenüber aber negative Gefühle. Dabei sind gute Einstiege für Deep Talk gar nicht so schwierig. Bequemlichkeit, Verlegenheit oder einfach Routine? Man weiß nicht genau warum, aber Fakt ist: Viele Gespräche mit Unbekannten beginnen mit derselbe...
---
https://www.alltagsforschung.de/deep-talk-warum-wir-nicht-sofort-ueber-die-arbeit-sprechen-sollten-und-wie-es-besser-geht/
