{
  "raw__": "KI und Bewerbungen: Künstliche Intelligenz spielt noch keine große Rolle fürs Recruiting\n\nDigitale Bewerbungsvorgänge sind auch in Deutschland bereits Standard. Somit hat die klassische Bewerbung per Post mit physischer Bewerbungsmappe nahezu ausgedient. Auch künstliche Intelligenz (KI) lässt sich per se schon nutzen, um Bewerbungen zu vereinfachen – vor allem innerhalb der Unternehmen....Zum Beitrag: KI und Bewerbungen: Künstliche Intelligenz spielt noch keine...\n---\nhttps://stadt-bremerhaven.de/ki-und-bewerbungen-kuenstliche-intelligenz-spielt-noch-keine-grosse-rolle-fuers-recruiting/",
  "split": "KI und Bewerbungen: Künstliche Intelligenz spielt noch keine große Rolle fürs Recruiting\n\nDigitale Bewerbungsvorgänge sind auch in Deutschland bereits Standard. Somit hat die klassische Bewerbung per Post mit physischer Bewerbungsmappe nahezu ausgedient. Auch künstliche Intelligenz (KI) lässt sich per se schon nutzen, um Bewerbungen zu vereinfachen – vor allem innerhalb der Unternehmen....\n---\nhttps://stadt-bremerhaven.de/ki-und-bewerbungen-kuenstliche-intelligenz-spielt-noch-keine-grosse-rolle-fuers-recruiting/"
}
