Tesla Robotaxi just got a big benefit from the U.S. government

The NHTSA is looking to help streamline the application process for companies developing driverless vehicles....
---
https://www.teslarati.com/tesla-robotaxi-big-benefit-u-s-government-nhtsa-rules-autonomous-vehicles/
