{
  "raw__": "Neue Monetarisierungsmöglichkeiten bei Facebook Stories\n\nFacebook erweitert die Verdienstmöglichkeiten für Content-Ersteller auf seiner Plattform. Die neue Funktion ermöglicht es Kreativen im Content-Monetarisierungsprogramm, mit ihren Facebook Stories Geld zu verdienen. Die Umsetzung gestaltet sich für Content-Ersteller unkompliziert. Bereits vorhandene Fotos und Videos, die in Stories geteilt...Zum Beitrag: Neue Monetarisierungsmöglichkeiten bei Facebook Stor...\n---\nhttps://stadt-bremerhaven.de/neue-monetarisierungsmoeglichkeiten-bei-facebook-stories/",
  "split": "Neue Monetarisierungsmöglichkeiten bei Facebook Stories\n\nFacebook erweitert die Verdienstmöglichkeiten für Content-Ersteller auf seiner Plattform. Die neue Funktion ermöglicht es Kreativen im Content-Monetarisierungsprogramm, mit ihren Facebook Stories Geld zu verdienen. Die Umsetzung gestaltet sich für Content-Ersteller unkompliziert. Bereits vorhandene Fotos und Videos, die in Stories geteilt...\n---\nhttps://stadt-bremerhaven.de/neue-monetarisierungsmoeglichkeiten-bei-facebook-stories/"
}
