Summary contains Title

#tag1 #tag2 #tag3
---
https://example.com/
