Tesla plans to launch Full Self-Driving in Europe later this year, but regulatory bodies are proving to make it a bigger challenge than it needs to be.
The post Tesla Full Self-Driving’s European launch frustrations revealed by Elon Musk appeared first on TESLARATI.

#tesla #teslarati
---
https://www.teslarati.com/tesla-full-self-driving-european-launch-frustrations-revealed-elon-musk/
