{
  "Language": "de",
  "Visibility": "Public",
  "Status": "Hitlers Vorzeige-Boxer: \"Tiefschlag-Weltmeister\" M..."
}
