Teure Flugbereitschaft: Vielflieger und Leerflüge

Regierende Politiker sind oft in Flugzeugen der Bundeswehr unterwegs. Aber auch Bundestagsmitglieder fliegen mit - oder niemand.
---
https://www1.wdr.de/nachrichten/flugbereitschaft-bundeswehr-100.html
