Topp: Die Passkey-Technologie bekommt ein wichtiges Update. Apple präsentierte auf der WWDC eine neue Import-/Export-Funktion für Passkeys, die mit den kommenden Betriebssystem-Versionen iOS 26, macOS 26 und iPadOS 26 eingeführt wird. Bislang sind Passkeys stark an das jeweilige Betriebssystem oder...Zum Beitrag: Apple macht Passkeys flexibler – Export-Funktion kommt mit iOS 26

...

#caschy #tech
---
https://stadt-bremerhaven.de/apple-macht-passkeys-flexibler-export-funktion-kommt-mit-ios-26/
