{
  "raw__": "Digital sovereignty in Munich: Join us at the Nextcloud Summit 2025\n\nFollowing the overwhelming success of our Enterprise Days, Nextcloud is proud to launch its very first Summit on digital sovereignty. Whereas the Enterprise Days have a clear focus on Nextcloud as a platform and technology, with the Summit, we want to address the wider market around digitally sovereign collaboration technology. This exclusive one-day event bridges […]\nThe post Digital sovereig...\n---\nhttps://nextcloud.com/blog/digital-sovereignty-summit-announcement/",
  "split": "Digital sovereignty in Munich: Join us at the Nextcloud Summit 2025\n\nFollowing the overwhelming success of our Enterprise Days, Nextcloud is proud to launch its very first Summit on digital sovereignty. Whereas the Enterprise Days have a clear focus on Nextcloud as a platform and technology, with the Summit, we want to address the wider market around digitally sovereign collaboration technology. This exclusive one-day event bridges […]...\n---\nhttps://nextcloud.com/blog/digital-sovereignty-summit-announcement/"
}
