What is a Loopback Address and How Does it Work?

You’ve very possibly heard in online tutorials or your IT friend mentioning “loopback address” when they’re solving network problems or ...
---
https://www.rosehosting.com/blog/what-is-a-loopback-address-and-how-does-it-work/
