{
  "Language": "en",
  "Visibility": "Public",
  "Status": "Google Pixel 9a benchmark link teases the performa..."
}
