{
  "raw__": "Langstreckentauglichkeit des ID.4 für ein Wintertraining getestet\n\nIm Februar habe ich die Möglichkeit erhalten, die Allrad-Variante meines ID.4 in einem Wintertraining zu testen. Die sogenannte Winter Driving Experience von Volkswagen mit den neuen ID.4 GTX fand dabei im «verschneiten» Faistenau bei Salzburg statt. Das gab gleich zwei spannende Tests: Einerseits wie gut schlägt sicher der ID.4 um schnell mehr als 1000km in […]\nDer Beitrag Langstreckentauglichk...\n---\nhttps://technikblog.ch/2022/03/langstreckentauglichkeit-des-id-4-fuer-ein-wintertraining-getestet/",
  "split": "Langstreckentauglichkeit des ID.4 für ein Wintertraining getestet\n\nIm Februar habe ich die Möglichkeit erhalten, die Allrad-Variante meines ID.4 in einem Wintertraining zu testen. Die sogenannte Winter Driving Experience von Volkswagen mit den neuen ID.4 GTX fand dabei im «verschneiten» Faistenau bei Salzburg statt. Das gab gleich zwei spannende Tests: Einerseits wie gut schlägt sicher der ID.4 um schnell mehr als 1000km in ...\n---\nhttps://technikblog.ch/2022/03/langstreckentauglichkeit-des-id-4-fuer-ein-wintertraining-getestet/"
}
